../Core/Src/main.c:555:13:xl320ResetRxBuffer	0	static
../Core/Src/main.c:254:6:xlSeriesSetDirection.part.0	0	static
../Core/Src/main.c:184:6:SystemClock_Config	72	static,ignoring_inline_asm
../Core/Src/main.c:117:5:main	8	static
../Core/Src/main.c:254:6:xlSeriesSetDirection	0	static
../Core/Src/main.c:270:6:xlSeriesSendFrame	16	static
../Core/Src/main.c:289:10:updateCRC	8	static
../Core/Src/main.c:347:6:xlSeriesLed	8	static
../Core/Src/main.c:369:6:xlSeriesControlMode	8	static
../Core/Src/main.c:391:6:xlSeriesTorque	8	static
../Core/Src/main.c:413:6:xl320SendPosition	8	static
../Core/Src/main.c:435:6:xl320SendMovingSpeed	8	static
../Core/Src/main.c:228:6:xlSeriesStart	8	static
../Core/Src/main.c:457:6:xl320SendPGain	8	static
../Core/Src/main.c:477:6:xl320ReadPosition	8	static
../Core/Src/main.c:495:6:xlPowerOff	8	static
../Core/Src/main.c:526:6:debugFrame	0	static
../Core/Src/main.c:536:6:testMatrix	8	static
../Core/Src/main.c:624:6:HAL_UART_RxCpltCallback	16	static
../Core/Src/main.c:712:10:xl320GetPosition	32	static
../Core/Src/main.c:748:6:HAL_UART_ErrorCallback	8	static
../Core/Src/main.c:762:6:Error_Handler	0	static,ignoring_inline_asm
