../Core/Src/main.c:207:6:SystemClock_Config	72	static,ignoring_inline_asm
../Core/Src/main.c:273:6:xlSeriesSetDirection	0	static
../Core/Src/main.c:289:6:xlSeriesSendFrame	16	static
../Core/Src/main.c:308:10:updateCRC	8	static
../Core/Src/main.c:366:6:xlSeriesLed	8	static
../Core/Src/main.c:388:6:xlSeriesControlMode	8	static
../Core/Src/main.c:410:6:xlSeriesTorque	8	static
../Core/Src/main.c:432:6:xl320SendPosition	8	static
../Core/Src/main.c:454:6:xl320SendMovingSpeed	8	static
../Core/Src/main.c:251:6:xlSeriesStart	8	static
../Core/Src/main.c:476:6:xl320SendPGain	8	static
../Core/Src/main.c:496:6:xlPowerOff	8	static
../Core/Src/main.c:542:6:Debug_Print	0	static
../Core/Src/main.c:556:6:Debug_Println	8	static
../Core/Src/main.c:567:6:xl320ReadPosition	8	static
../Core/Src/main.c:605:9:verifyPositionPacket	0	static
../Core/Src/main.c:625:10:parsePositionValue	0	static
../Core/Src/main.c:636:6:processPositionData	8	static
../Core/Src/main.c:123:5:main	8	static
../Core/Src/main.c:665:6:HAL_UART_RxCpltCallback	0	static
../Core/Src/main.c:676:6:Error_Handler	0	static,ignoring_inline_asm
