main.c:114:5:main	8	static
main.c:180:6:SystemClock_Config	72	static
main.c:224:6:xlSeriesStart	8	static
main.c:248:6:xlSeriesSetDirection	16	static
main.c:264:6:xlSeriesSendFrame	24	static
main.c:283:10:updateCRC	24	static
main.c:336:6:xlSeriesLed	24	static
main.c:359:6:xlSeriesTorque	24	static
main.c:381:6:xl320SendPosition	24	static
main.c:403:6:xl320SendPGain	24	static
main.c:423:6:xl320ReadPosition	24	static
main.c:441:6:xlPowerOff	16	static
main.c:472:6:debugFrame	24	static
main.c:487:6:Error_Handler	4	static,ignoring_inline_asm
