../Core/Src/main.c:114:5:main	8	static
../Core/Src/main.c:180:6:SystemClock_Config	72	static
../Core/Src/main.c:224:6:xlSeriesStart	8	static
../Core/Src/main.c:248:6:xlSeriesSetDirection	16	static
../Core/Src/main.c:264:6:xlSeriesSendFrame	24	static
../Core/Src/main.c:283:10:updateCRC	24	static
../Core/Src/main.c:341:6:xlSeriesLed	24	static
../Core/Src/main.c:364:6:xlSeriesTorque	24	static
../Core/Src/main.c:386:6:xl320SendPosition	24	static
../Core/Src/main.c:408:6:xl320SendPGain	24	static
../Core/Src/main.c:428:6:xl320ReadPosition	24	static
../Core/Src/main.c:446:6:xlPowerOff	16	static
../Core/Src/main.c:477:6:debugFrame	24	static
../Core/Src/main.c:492:6:Error_Handler	4	static,ignoring_inline_asm
