Archive member included to satisfy reference by file (symbol)

D:/stm32ide/STM32CubeIDE_1.19.0/STM32CubeIDE/plugins/com.st.stm32cube.ide.mcu.externaltools.gnu-tools-for-stm32.13.3.rel1.win32_1.0.0.202411081344/tools/bin/../lib/gcc/arm-none-eabi/13.3.1/../../../../arm-none-eabi/lib/thumb/v7-m/nofp\libc_nano.a(libc_a-exit.o)
                              D:/stm32ide/STM32CubeIDE_1.19.0/STM32CubeIDE/plugins/com.st.stm32cube.ide.mcu.externaltools.gnu-tools-for-stm32.13.3.rel1.win32_1.0.0.202411081344/tools/bin/../lib/gcc/arm-none-eabi/13.3.1/../../../../arm-none-eabi/lib/thumb/v7-m/nofp/crt0.o (exit)
D:/stm32ide/STM32CubeIDE_1.19.0/STM32CubeIDE/plugins/com.st.stm32cube.ide.mcu.externaltools.gnu-tools-for-stm32.13.3.rel1.win32_1.0.0.202411081344/tools/bin/../lib/gcc/arm-none-eabi/13.3.1/../../../../arm-none-eabi/lib/thumb/v7-m/nofp\libc_nano.a(libc_a-findfp.o)
                              D:/stm32ide/STM32CubeIDE_1.19.0/STM32CubeIDE/plugins/com.st.stm32cube.ide.mcu.externaltools.gnu-tools-for-stm32.13.3.rel1.win32_1.0.0.202411081344/tools/bin/../lib/gcc/arm-none-eabi/13.3.1/../../../../arm-none-eabi/lib/thumb/v7-m/nofp\libc_nano.a(libc_a-exit.o) (__stdio_exit_handler)
D:/stm32ide/STM32CubeIDE_1.19.0/STM32CubeIDE/plugins/com.st.stm32cube.ide.mcu.externaltools.gnu-tools-for-stm32.13.3.rel1.win32_1.0.0.202411081344/tools/bin/../lib/gcc/arm-none-eabi/13.3.1/../../../../arm-none-eabi/lib/thumb/v7-m/nofp\libc_nano.a(libc_a-fwalk.o)
                              D:/stm32ide/STM32CubeIDE_1.19.0/STM32CubeIDE/plugins/com.st.stm32cube.ide.mcu.externaltools.gnu-tools-for-stm32.13.3.rel1.win32_1.0.0.202411081344/tools/bin/../lib/gcc/arm-none-eabi/13.3.1/../../../../arm-none-eabi/lib/thumb/v7-m/nofp\libc_nano.a(libc_a-findfp.o) (_fwalk_sglue)
D:/stm32ide/STM32CubeIDE_1.19.0/STM32CubeIDE/plugins/com.st.stm32cube.ide.mcu.externaltools.gnu-tools-for-stm32.13.3.rel1.win32_1.0.0.202411081344/tools/bin/../lib/gcc/arm-none-eabi/13.3.1/../../../../arm-none-eabi/lib/thumb/v7-m/nofp\libc_nano.a(libc_a-stdio.o)
                              D:/stm32ide/STM32CubeIDE_1.19.0/STM32CubeIDE/plugins/com.st.stm32cube.ide.mcu.externaltools.gnu-tools-for-stm32.13.3.rel1.win32_1.0.0.202411081344/tools/bin/../lib/gcc/arm-none-eabi/13.3.1/../../../../arm-none-eabi/lib/thumb/v7-m/nofp\libc_nano.a(libc_a-findfp.o) (__sread)
D:/stm32ide/STM32CubeIDE_1.19.0/STM32CubeIDE/plugins/com.st.stm32cube.ide.mcu.externaltools.gnu-tools-for-stm32.13.3.rel1.win32_1.0.0.202411081344/tools/bin/../lib/gcc/arm-none-eabi/13.3.1/../../../../arm-none-eabi/lib/thumb/v7-m/nofp\libc_nano.a(libc_a-memset.o)
                              D:/stm32ide/STM32CubeIDE_1.19.0/STM32CubeIDE/plugins/com.st.stm32cube.ide.mcu.externaltools.gnu-tools-for-stm32.13.3.rel1.win32_1.0.0.202411081344/tools/bin/../lib/gcc/arm-none-eabi/13.3.1/../../../../arm-none-eabi/lib/thumb/v7-m/nofp/crt0.o (memset)
D:/stm32ide/STM32CubeIDE_1.19.0/STM32CubeIDE/plugins/com.st.stm32cube.ide.mcu.externaltools.gnu-tools-for-stm32.13.3.rel1.win32_1.0.0.202411081344/tools/bin/../lib/gcc/arm-none-eabi/13.3.1/../../../../arm-none-eabi/lib/thumb/v7-m/nofp\libc_nano.a(libc_a-closer.o)
                              D:/stm32ide/STM32CubeIDE_1.19.0/STM32CubeIDE/plugins/com.st.stm32cube.ide.mcu.externaltools.gnu-tools-for-stm32.13.3.rel1.win32_1.0.0.202411081344/tools/bin/../lib/gcc/arm-none-eabi/13.3.1/../../../../arm-none-eabi/lib/thumb/v7-m/nofp\libc_nano.a(libc_a-stdio.o) (_close_r)
D:/stm32ide/STM32CubeIDE_1.19.0/STM32CubeIDE/plugins/com.st.stm32cube.ide.mcu.externaltools.gnu-tools-for-stm32.13.3.rel1.win32_1.0.0.202411081344/tools/bin/../lib/gcc/arm-none-eabi/13.3.1/../../../../arm-none-eabi/lib/thumb/v7-m/nofp\libc_nano.a(libc_a-reent.o)
                              D:/stm32ide/STM32CubeIDE_1.19.0/STM32CubeIDE/plugins/com.st.stm32cube.ide.mcu.externaltools.gnu-tools-for-stm32.13.3.rel1.win32_1.0.0.202411081344/tools/bin/../lib/gcc/arm-none-eabi/13.3.1/../../../../arm-none-eabi/lib/thumb/v7-m/nofp\libc_nano.a(libc_a-closer.o) (errno)
D:/stm32ide/STM32CubeIDE_1.19.0/STM32CubeIDE/plugins/com.st.stm32cube.ide.mcu.externaltools.gnu-tools-for-stm32.13.3.rel1.win32_1.0.0.202411081344/tools/bin/../lib/gcc/arm-none-eabi/13.3.1/../../../../arm-none-eabi/lib/thumb/v7-m/nofp\libc_nano.a(libc_a-impure.o)
                              D:/stm32ide/STM32CubeIDE_1.19.0/STM32CubeIDE/plugins/com.st.stm32cube.ide.mcu.externaltools.gnu-tools-for-stm32.13.3.rel1.win32_1.0.0.202411081344/tools/bin/../lib/gcc/arm-none-eabi/13.3.1/../../../../arm-none-eabi/lib/thumb/v7-m/nofp\libc_nano.a(libc_a-reent.o) (_impure_ptr)
D:/stm32ide/STM32CubeIDE_1.19.0/STM32CubeIDE/plugins/com.st.stm32cube.ide.mcu.externaltools.gnu-tools-for-stm32.13.3.rel1.win32_1.0.0.202411081344/tools/bin/../lib/gcc/arm-none-eabi/13.3.1/../../../../arm-none-eabi/lib/thumb/v7-m/nofp\libc_nano.a(libc_a-lseekr.o)
[...]
Memory Configuration

Name             Origin             Length             Attributes
RAM              0x20000000         0x00005000         xrw
FLASH            0x08000000         0x00010000         xr
*default*        0x00000000         0xffffffff

Linker script and memory map

LOAD D:/stm32ide/STM32CubeIDE_1.19.0/STM32CubeIDE/plugins/com.st.stm32cube.ide.mcu.externaltools.gnu-tools-for-stm32.13.3.rel1.win32_1.0.0.202411081344/tools/bin/../lib/gcc/arm-none-eabi/13.3.1/thumb/v7-m/nofp/crti.o
LOAD D:/stm32ide/STM32CubeIDE_1.19.0/STM32CubeIDE/plugins/com.st.stm32cube.ide.mcu.externaltools.gnu-tools-for-stm32.13.3.rel1.win32_1.0.0.202411081344/tools/bin/../lib/gcc/arm-none-eabi/13.3.1/thumb/v7-m/nofp/crtbegin.o
LOAD D:/stm32ide/STM32CubeIDE_1.19.0/STM32CubeIDE/plugins/com.st.stm32cube.ide.mcu.externaltools.gnu-tools-for-stm32.13.3.rel1.win32_1.0.0.202411081344/tools/bin/../lib/gcc/arm-none-eabi/13.3.1/../../../../arm-none-eabi/lib/thumb/v7-m/nofp/crt0.o
LOAD ./Core/Src/gpio.o
LOAD ./Core/Src/main.o
LOAD ./Core/Src/stm32f1xx_hal_msp.o
LOAD ./Core/Src/stm32f1xx_it.o
LOAD ./Core/Src/syscalls.o
LOAD ./Core/Src/sysmem.o
LOAD ./Core/Src/system_stm32f1xx.o
LOAD ./Core/Src/tim.o
LOAD ./Core/Src/usart.o
LOAD ./Core/Startup/startup_stm32f103c8tx.o
LOAD ./Drivers/STM32F1xx_HAL_Driver/Src/stm32f1xx_hal.o
LOAD ./Drivers/STM32F1xx_HAL_Driver/Src/stm32f1xx_hal_cortex.o
LOAD ./Drivers/STM32F1xx_HAL_Driver/Src/stm32f1xx_hal_dma.o
LOAD ./Drivers/STM32F1xx_HAL_Driver/Src/stm32f1xx_hal_exti.o
LOAD ./Drivers/STM32F1xx_HAL_Driver/Src/stm32f1xx_hal_flash.o
LOAD ./Drivers/STM32F1xx_HAL_Driver/Src/stm32f1xx_hal_flash_ex.o
LOAD ./Drivers/STM32F1xx_HAL_Driver/Src/stm32f1xx_hal_gpio.o
LOAD ./Drivers/STM32F1xx_HAL_Driver/Src/stm32f1xx_hal_gpio_ex.o
LOAD ./Drivers/STM32F1xx_HAL_Driver/Src/stm32f1xx_hal_pwr.o
LOAD ./Drivers/STM32F1xx_HAL_Driver/Src/stm32f1xx_hal_rcc.o
LOAD ./Drivers/STM32F1xx_HAL_Driver/Src/stm32f1xx_hal_rcc_ex.o
LOAD ./Drivers/STM32F1xx_HAL_Driver/Src/stm32f1xx_hal_tim.o
LOAD ./Drivers/STM32F1xx_HAL_Driver/Src/stm32f1xx_hal_tim_ex.o
LOAD ./Drivers/STM32F1xx_HAL_Driver/Src/stm32f1xx_hal_uart.o
START GROUP
LOAD D:/stm32ide/STM32CubeIDE_1.19.0/STM32CubeIDE/plugins/com.st.stm32cube.ide.mcu.externaltools.gnu-tools-for-stm32.13.3.rel1.win32_1.0.0.202411081344/tools/bin/../lib/gcc/arm-none-eabi/13.3.1/../../../../arm-none-eabi/lib/thumb/v7-m/nofp\libc_nano.a
LOAD D:/stm32ide/STM32CubeIDE_1.19.0/STM32CubeIDE/plugins/com.st.stm32cube.ide.mcu.externaltools.gnu-tools-for-stm32.13.3.rel1.win32_1.0.0.202411081344/tools/bin/../lib/gcc/arm-none-eabi/13.3.1/../../../../arm-none-eabi/lib/thumb/v7-m/nofp\libm.a
END GROUP
START GROUP
LOAD D:/stm32ide/STM32CubeIDE_1.19.0/STM32CubeIDE/plugins/com.st.stm32cube.ide.mcu.externaltools.gnu-tools-for-stm32.13.3.rel1.win32_1.0.0.202411081344/tools/bin/../lib/gcc/arm-none-eabi/13.3.1/thumb/v7-m/nofp\libgcc.a
LOAD D:/stm32ide/STM32CubeIDE_1.19.0/STM32CubeIDE/plugins/com.st.stm32cube.ide.mcu.externaltools.gnu-tools-for-stm32.13.3.rel1.win32_1.0.0.202411081344/tools/bin/../lib/gcc/arm-none-eabi/13.3.1/../../../../arm-none-eabi/lib/thumb/v7-m/nofp\libc_nano.a
END GROUP
START GROUP
LOAD D:/stm32ide/STM32CubeIDE_1.19.0/STM32CubeIDE/plugins/com.st.stm32cube.ide.mcu.externaltools.gnu-tools-for-stm32.13.3.rel1.win32_1.0.0.202411081344/tools/bin/../lib/gcc/arm-none-eabi/13.3.1/thumb/v7-m/nofp\libgcc.a
LOAD D:/stm32ide/STM32CubeIDE_1.19.0/STM32CubeIDE/plugins/com.st.stm32cube.ide.mcu.externaltools.gnu-tools-for-stm32.13.3.rel1.win32_1.0.0.202411081344/tools/bin/../lib/gcc/arm-none-eabi/13.3.1/../../../../arm-none-eabi/lib/thumb/v7-m/nofp\libc_nano.a
LOAD D:/stm32ide/STM32CubeIDE_1.19.0/STM32CubeIDE/plugins/com.st.stm32cube.ide.mcu.externaltools.gnu-tools-for-stm32.13.3.rel1.win32_1.0.0.202411081344/tools/bin/../lib/gcc/arm-none-eabi/13.3.1/../../../../arm-none-eabi/lib/thumb/v7-m/nofp\libnosys.a
END GROUP
START GROUP
LOAD D:/stm32ide/STM32CubeIDE_1.19.0/STM32CubeIDE/plugins/com.st.stm32cube.ide.mcu.externaltools.gnu-tools-for-stm32.13.3.rel1.win32_1.0.0.202411081344/tools/bin/../lib/gcc/arm-none-eabi/13.3.1/thumb/v7-m/nofp\libgcc.a
LOAD D:/stm32ide/STM32CubeIDE_1.19.0/STM32CubeIDE/plugins/com.st.stm32cube.ide.mcu.externaltools.gnu-tools-for-stm32.13.3.rel1.win32_1.0.0.202411081344/tools/bin/../lib/gcc/arm-none-eabi/13.3.1/../../../../arm-none-eabi/lib/thumb/v7-m/nofp\libc_nano.a
LOAD D:/stm32ide/STM32CubeIDE_1.19.0/STM32CubeIDE/plugins/com.st.stm32cube.ide.mcu.externaltools.gnu-tools-for-stm32.13.3.rel1.win32_1.0.0.202411081344/tools/bin/../lib/gcc/arm-none-eabi/13.3.1/../../../../arm-none-eabi/lib/thumb/v7-m/nofp\libnosys.a
END GROUP
LOAD D:/stm32ide/STM32CubeIDE_1.19.0/STM32CubeIDE/plugins/com.st.stm32cube.ide.mcu.externaltools.gnu-tools-for-stm32.13.3.rel1.win32_1.0.0.202411081344/tools/bin/../lib/gcc/arm-none-eabi/13.3.1/thumb/v7-m/nofp/crtend.o
LOAD D:/stm32ide/STM32CubeIDE_1.19.0/STM32CubeIDE/plugins/com.st.stm32cube.ide.mcu.externaltools.gnu-tools-for-stm32.13.3.rel1.win32_1.0.0.202411081344/tools/bin/../lib/gcc/arm-none-eabi/13.3.1/thumb/v7-m/nofp/crtn.o
                0x20005000                        _estack = (ORIGIN (RAM) + LENGTH (RAM))
                0x00000200                        _Min_Heap_Size = 0x200
                0x00000400                        _Min_Stack_Size = 0x400

.isr_vector     0x08000000      0x10c
                0x08000000                        . = ALIGN (0x4)
 *(.isr_vector)
 .isr_vector    0x08000000      0x10c ./Core/Startup/startup_stm32f103c8tx.o
                0x08000000                g_pfnVectors
                0x0800010c                        . = ALIGN (0x4)

.text           0x0800010c     0x19cc
                0x0800010c                        . = ALIGN (0x4)
 *(.text)
 .text          0x0800010c       0x40 D:/stm32ide/STM32CubeIDE_1.19.0/STM32CubeIDE/plugins/com.st.stm32cube.ide.mcu.externaltools.gnu-tools-for-stm32.13.3.rel1.win32_1.0.0.202411081344/tools/bin/../lib/gcc/arm-none-eabi/13.3.1/thumb/v7-m/nofp/crtbegin.o
 *(.text*)
 .text.MX_GPIO_Init
                0x0800014c       0xb4 ./Core/Src/gpio.o
                0x0800014c                MX_GPIO_Init
 .text.xl320ResetRxBuffer
                0x08000200       0x18 ./Core/Src/main.o
 .text.xlSeriesSetDirection.part.0
                0x08000218       0x10 ./Core/Src/main.o
 .text.SystemClock_Config
                0x08000228       0x5e ./Core/Src/main.o
                0x08000228                SystemClock_Config
 *fill*         0x08000286        0x2 
 .text.xlSeriesSetDirection
                0x08000288       0x14 ./Core/Src/main.o
                0x08000288                xlSeriesSetDirection
 .text.xlSeriesSendFrame
                0x0800029c       0x2c ./Core/Src/main.o
                0x0800029c                xlSeriesSendFrame
 .text.updateCRC
                0x080002c8       0x24 ./Core/Src/main.o
                0x080002c8                updateCRC
 .text.xlSeriesLed
                0x080002ec       0x38 ./Core/Src/main.o
                0x080002ec                xlSeriesLed
 .text.xlSeriesControlMode
                0x08000324       0x34 ./Core/Src/main.o
                0x08000324                xlSeriesControlMode
 .text.xlSeriesTorque
                0x08000358       0x38 ./Core/Src/main.o
                0x08000358                xlSeriesTorque
 .text.xl320SendPosition
                0x08000390       0x38 ./Core/Src/main.o
                0x08000390                xl320SendPosition
 .text.xl320SendMovingSpeed
                0x080003c8       0x38 ./Core/Src/main.o
                0x080003c8                xl320SendMovingSpeed
 .text.xlSeriesStart
                0x08000400       0x50 ./Core/Src/main.o
                0x08000400                xlSeriesStart
 .text.startup.main
                0x08000450       0x90 ./Core/Src/main.o
                0x08000450                main
 .text.HAL_UART_RxCpltCallback
                0x080004e0       0xd0 ./Core/Src/main.o
                0x080004e0                HAL_UART_RxCpltCallback
 .text.HAL_UART_ErrorCallback
                0x080005b0       0x2c ./Core/Src/main.o
                0x080005b0                HAL_UART_ErrorCallback
 .text.Error_Handler
                0x080005dc        0x4 ./Core/Src/main.o
                0x080005dc                Error_Handler
 .text.HAL_MspInit
                0x080005e0       0x44 ./Core/Src/stm32f1xx_hal_msp.o
                0x080005e0                HAL_MspInit
 .text.NMI_Handler
                0x08000624        0x2 ./Core/Src/stm32f1xx_it.o
                0x08000624                NMI_Handler
 .text.HardFault_Handler
                0x08000626        0x2 ./Core/Src/stm32f1xx_it.o
                0x08000626                HardFault_Handler
 .text.MemManage_Handler
                0x08000628        0x2 ./Core/Src/stm32f1xx_it.o
                0x08000628                MemManage_Handler
 .text.BusFault_Handler
                0x0800062a        0x2 ./Core/Src/stm32f1xx_it.o
                0x0800062a                BusFault_Handler
 .text.UsageFault_Handler
                0x0800062c        0x2 ./Core/Src/stm32f1xx_it.o
                0x0800062c                UsageFault_Handler
 .text.SVC_Handler
                0x0800062e        0x2 ./Core/Src/stm32f1xx_it.o
                0x0800062e                SVC_Handler
 .text.DebugMon_Handler
                0x08000630        0x2 ./Core/Src/stm32f1xx_it.o
                0x08000630                DebugMon_Handler
 .text.PendSV_Handler
                0x08000632        0x2 ./Core/Src/stm32f1xx_it.o
                0x08000632                PendSV_Handler
 .text.SysTick_Handler
                0x08000634        0x4 ./Core/Src/stm32f1xx_it.o
                0x08000634                SysTick_Handler
 .text.USART1_IRQHandler
                0x08000638        0xc ./Core/Src/stm32f1xx_it.o
                0x08000638                USART1_IRQHandler
 .text.USART2_IRQHandler
                0x08000644        0xc ./Core/Src/stm32f1xx_it.o
                0x08000644                USART2_IRQHandler
 .text.SystemInit
                0x08000650        0x2 ./Core/Src/system_stm32f1xx.o
                0x08000650                SystemInit
 *fill*         0x08000652        0x2 
 .text.MX_TIM1_Init
                0x08000654       0x68 ./Core/Src/tim.o
                0x08000654                MX_TIM1_Init
 .text.HAL_TIM_Base_MspInit
                0x080006bc       0x28 ./Core/Src/tim.o
                0x080006bc                HAL_TIM_Base_MspInit
 .text.MX_USART1_UART_Init
                0x080006e4       0x38 ./Core/Src/usart.o
                0x080006e4                MX_USART1_UART_Init
 .text.MX_USART2_UART_Init
                0x0800071c       0x38 ./Core/Src/usart.o
                0x0800071c                MX_USART2_UART_Init
 .text.MX_USART3_UART_Init
                0x08000754       0x38 ./Core/Src/usart.o
                0x08000754                MX_USART3_UART_Init
 .text.HAL_UART_MspInit
                0x0800078c      0x14c ./Core/Src/usart.o
                0x0800078c                HAL_UART_MspInit
 .text.Reset_Handler
                0x080008d8       0x48 ./Core/Startup/startup_stm32f103c8tx.o
                0x080008d8                Reset_Handler
 .text.Default_Handler
                0x08000920        0x2 ./Core/Startup/startup_stm32f103c8tx.o
                0x08000920                RTC_Alarm_IRQHandler
                0x08000920                EXTI2_IRQHandler
                0x08000920                TIM1_CC_IRQHandler
                0x08000920                PVD_IRQHandler
                0x08000920                EXTI3_IRQHandler
                0x08000920                EXTI0_IRQHandler
                0x08000920                I2C2_EV_IRQHandler
                0x08000920                ADC1_2_IRQHandler
                0x08000920                SPI1_IRQHandler
                0x08000920                TAMPER_IRQHandler
                0x08000920                DMA1_Channel4_IRQHandler
                0x08000920                USART3_IRQHandler
                0x08000920                RTC_IRQHandler
                0x08000920                DMA1_Channel7_IRQHandler
                0x08000920                CAN1_RX1_IRQHandler
                0x08000920                TIM4_IRQHandler
                0x08000920                I2C1_EV_IRQHandler
                0x08000920                DMA1_Channel6_IRQHandler
                0x08000920                TIM3_IRQHandler
                0x08000920                RCC_IRQHandler
                0x08000920                TIM1_TRG_COM_IRQHandler
                0x08000920                DMA1_Channel1_IRQHandler
                0x08000920                Default_Handler
                0x08000920                EXTI15_10_IRQHandler
                0x08000920                EXTI9_5_IRQHandler
                0x08000920                SPI2_IRQHandler
                0x08000920                DMA1_Channel5_IRQHandler
                0x08000920                EXTI4_IRQHandler
                0x08000920                USB_LP_CAN1_RX0_IRQHandler
                0x08000920                USB_HP_CAN1_TX_IRQHandler
                0x08000920                DMA1_Channel3_IRQHandler
                0x08000920                TIM1_UP_IRQHandler
                0x08000920                WWDG_IRQHandler
                0x08000920                TIM2_IRQHandler
                0x08000920                TIM1_BRK_IRQHandler
                0x08000920                EXTI1_IRQHandler
                0x08000920                I2C2_ER_IRQHandler
                0x08000920                DMA1_Channel2_IRQHandler
                0x08000920                CAN1_SCE_IRQHandler
                0x08000920                FLASH_IRQHandler
                0x08000920                I2C1_ER_IRQHandler
                0x08000920                USBWakeUp_IRQHandler
 *fill*         0x08000922        0x2 
 .text.HAL_InitTick
                0x08000924       0x48 ./Drivers/STM32F1xx_HAL_Driver/Src/stm32f1xx_hal.o
                0x08000924                HAL_InitTick
 .text.HAL_Init
                0x0800096c       0x24 ./Drivers/STM32F1xx_HAL_Driver/Src/stm32f1xx_hal.o
                0x0800096c                HAL_Init
 .text.HAL_IncTick
                0x08000990       0x18 ./Drivers/STM32F1xx_HAL_Driver/Src/stm32f1xx_hal.o
                0x08000990                HAL_IncTick
 .text.HAL_GetTick
                0x080009a8        0xc ./Drivers/STM32F1xx_HAL_Driver/Src/stm32f1xx_hal.o
                0x080009a8                HAL_GetTick
 .text.HAL_Delay
                0x080009b4       0x24 ./Drivers/STM32F1xx_HAL_Driver/Src/stm32f1xx_hal.o
                0x080009b4                HAL_Delay
 .text.HAL_NVIC_SetPriorityGrouping
                0x080009d8       0x24 ./Drivers/STM32F1xx_HAL_Driver/Src/stm32f1xx_hal_cortex.o
                0x080009d8                HAL_NVIC_SetPriorityGrouping
 .text.HAL_NVIC_SetPriority
                0x080009fc       0x60 ./Drivers/STM32F1xx_HAL_Driver/Src/stm32f1xx_hal_cortex.o
                0x080009fc                HAL_NVIC_SetPriority
 .text.HAL_NVIC_EnableIRQ
                0x08000a5c       0x1c ./Drivers/STM32F1xx_HAL_Driver/Src/stm32f1xx_hal_cortex.o
                0x08000a5c                HAL_NVIC_EnableIRQ
 .text.HAL_SYSTICK_Config
                0x08000a78       0x28 ./Drivers/STM32F1xx_HAL_Driver/Src/stm32f1xx_hal_cortex.o
                0x08000a78                HAL_SYSTICK_Config
 .text.HAL_DMA_Abort
                0x08000aa0       0x3e ./Drivers/STM32F1xx_HAL_Driver/Src/stm32f1xx_hal_dma.o
                0x08000aa0                HAL_DMA_Abort
 *fill*         0x08000ade        0x2 
 .text.HAL_DMA_Abort_IT
                0x08000ae0       0x8c ./Drivers/STM32F1xx_HAL_Driver/Src/stm32f1xx_hal_dma.o
                0x08000ae0                HAL_DMA_Abort_IT
 .text.HAL_GPIO_Init
                0x08000b6c      0x1a8 ./Drivers/STM32F1xx_HAL_Driver/Src/stm32f1xx_hal_gpio.o
                0x08000b6c                HAL_GPIO_Init
 .text.HAL_GPIO_WritePin
                0x08000d14        0xa ./Drivers/STM32F1xx_HAL_Driver/Src/stm32f1xx_hal_gpio.o
                0x08000d14                HAL_GPIO_WritePin
 *fill*         0x08000d1e        0x2 
 .text.HAL_RCC_OscConfig
                0x08000d20      0x338 ./Drivers/STM32F1xx_HAL_Driver/Src/stm32f1xx_hal_rcc.o
                0x08000d20                HAL_RCC_OscConfig
 .text.HAL_RCC_GetSysClockFreq
                0x08001058       0x4c ./Drivers/STM32F1xx_HAL_Driver/Src/stm32f1xx_hal_rcc.o
                0x08001058                HAL_RCC_GetSysClockFreq
 .text.HAL_RCC_ClockConfig
                0x080010a4      0x138 ./Drivers/STM32F1xx_HAL_Driver/Src/stm32f1xx_hal_rcc.o
                0x080010a4                HAL_RCC_ClockConfig
 .text.HAL_RCC_GetPCLK1Freq
                0x080011dc       0x20 ./Drivers/STM32F1xx_HAL_Driver/Src/stm32f1xx_hal_rcc.o
                0x080011dc                HAL_RCC_GetPCLK1Freq
 .text.HAL_RCC_GetPCLK2Freq
                0x080011fc       0x20 ./Drivers/STM32F1xx_HAL_Driver/Src/stm32f1xx_hal_rcc.o
                0x080011fc                HAL_RCC_GetPCLK2Freq
 .text.TIM_Base_SetConfig
                0x0800121c       0x64 ./Drivers/STM32F1xx_HAL_Driver/Src/stm32f1xx_hal_tim.o
                0x0800121c                TIM_Base_SetConfig
 .text.HAL_TIM_Base_Init
                0x08001280       0x58 ./Drivers/STM32F1xx_HAL_Driver/Src/stm32f1xx_hal_tim.o
                0x08001280                HAL_TIM_Base_Init
 .text.TIM_ETR_SetConfig
                0x080012d8       0x14 ./Drivers/STM32F1xx_HAL_Driver/Src/stm32f1xx_hal_tim.o
                0x080012d8                TIM_ETR_SetConfig
 .text.HAL_TIM_ConfigClockSource
                0x080012ec      0x132 ./Drivers/STM32F1xx_HAL_Driver/Src/stm32f1xx_hal_tim.o
                0x080012ec                HAL_TIM_ConfigClockSource
 *fill*         0x0800141e        0x2 
 .text.HAL_TIMEx_MasterConfigSynchronization
                0x08001420       0x5c ./Drivers/STM32F1xx_HAL_Driver/Src/stm32f1xx_hal_tim_ex.o
                0x08001420                HAL_TIMEx_MasterConfigSynchronization
 .text.UART_EndRxTransfer
                0x0800147c       0x5c ./Drivers/STM32F1xx_HAL_Driver/Src/stm32f1xx_hal_uart.o
 .text.UART_SetConfig
                0x080014d8       0x74 ./Drivers/STM32F1xx_HAL_Driver/Src/stm32f1xx_hal_uart.o
 .text.UART_WaitOnFlagUntilTimeout.constprop.0
                0x0800154c       0x64 ./Drivers/STM32F1xx_HAL_Driver/Src/stm32f1xx_hal_uart.o
 .text.HAL_UART_Init
                0x080015b0       0x5e ./Drivers/STM32F1xx_HAL_Driver/Src/stm32f1xx_hal_uart.o
                0x080015b0                HAL_UART_Init
 .text.HAL_UART_Transmit
                0x0800160e       0x9c ./Drivers/STM32F1xx_HAL_Driver/Src/stm32f1xx_hal_uart.o
                0x0800160e                HAL_UART_Transmit
 .text.HAL_UART_TxCpltCallback
                0x080016aa        0x2 ./Drivers/STM32F1xx_HAL_Driver/Src/stm32f1xx_hal_uart.o
                0x080016aa                HAL_UART_TxCpltCallback
 .text.UART_DMAAbortOnError
                0x080016ac       0x10 ./Drivers/STM32F1xx_HAL_Driver/Src/stm32f1xx_hal_uart.o
 .text.HAL_UARTEx_RxEventCallback
                0x080016bc        0x2 ./Drivers/STM32F1xx_HAL_Driver/Src/stm32f1xx_hal_uart.o
                0x080016bc                HAL_UARTEx_RxEventCallback
 .text.UART_Receive_IT.isra.0
                0x080016be       0xb6 ./Drivers/STM32F1xx_HAL_Driver/Src/stm32f1xx_hal_uart.o
 .text.HAL_UART_IRQHandler
                0x08001774      0x294 ./Drivers/STM32F1xx_HAL_Driver/Src/stm32f1xx_hal_uart.o
                0x08001774                HAL_UART_IRQHandler
 .text.HAL_UART_GetState
                0x08001a08        0xc ./Drivers/STM32F1xx_HAL_Driver/Src/stm32f1xx_hal_uart.o
                0x08001a08                HAL_UART_GetState
 .text.UART_Start_Receive_IT
                0x08001a14       0x32 ./Drivers/STM32F1xx_HAL_Driver/Src/stm32f1xx_hal_uart.o
                0x08001a14                UART_Start_Receive_IT
 .text.HAL_UART_Receive_IT
                0x08001a46       0x22 ./Drivers/STM32F1xx_HAL_Driver/Src/stm32f1xx_hal_uart.o
                0x08001a46                HAL_UART_Receive_IT
 .text.memset   0x08001a68       0x10 D:/stm32ide/STM32CubeIDE_1.19.0/STM32CubeIDE/plugins/com.st.stm32cube.ide.mcu.externaltools.gnu-tools-for-stm32.13.3.rel1.win32_1.0.0.202411081344/tools/bin/../lib/gcc/arm-none-eabi/13.3.1/../../../../arm-none-eabi/lib/thumb/v7-m/nofp\libc_nano.a(libc_a-memset.o)
                0x08001a68                memset
 .text.__libc_init_array
                0x08001a78       0x48 D:/stm32ide/STM32CubeIDE_1.19.0/STM32CubeIDE/plugins/com.st.stm32cube.ide.mcu.externaltools.gnu-tools-for-stm32.13.3.rel1.win32_1.0.0.202411081344/tools/bin/../lib/gcc/arm-none-eabi/13.3.1/../../../../arm-none-eabi/lib/thumb/v7-m/nofp\libc_nano.a(libc_a-init.o)
                0x08001a78                __libc_init_array
 *(.glue_7)
 .glue_7        0x08001ac0        0x0 linker stubs
 *(.glue_7t)
 .glue_7t       0x08001ac0        0x0 linker stubs
 *(.eh_frame)
 .eh_frame      0x08001ac0        0x0 D:/stm32ide/STM32CubeIDE_1.19.0/STM32CubeIDE/plugins/com.st.stm32cube.ide.mcu.externaltools.gnu-tools-for-stm32.13.3.rel1.win32_1.0.0.202411081344/tools/bin/../lib/gcc/arm-none-eabi/13.3.1/thumb/v7-m/nofp/crtbegin.o
 *(.init)
 .init          0x08001ac0        0x4 D:/stm32ide/STM32CubeIDE_1.19.0/STM32CubeIDE/plugins/com.st.stm32cube.ide.mcu.externaltools.gnu-tools-for-stm32.13.3.rel1.win32_1.0.0.202411081344/tools/bin/../lib/gcc/arm-none-eabi/13.3.1/thumb/v7-m/nofp/crti.o
                0x08001ac0                _init
 .init          0x08001ac4        0x8 D:/stm32ide/STM32CubeIDE_1.19.0/STM32CubeIDE/plugins/com.st.stm32cube.ide.mcu.externaltools.gnu-tools-for-stm32.13.3.rel1.win32_1.0.0.202411081344/tools/bin/../lib/gcc/arm-none-eabi/13.3.1/thumb/v7-m/nofp/crtn.o
 *(.fini)
 .fini          0x08001acc        0x4 D:/stm32ide/STM32CubeIDE_1.19.0/STM32CubeIDE/plugins/com.st.stm32cube.ide.mcu.externaltools.gnu-tools-for-stm32.13.3.rel1.win32_1.0.0.202411081344/tools/bin/../lib/gcc/arm-none-eabi/13.3.1/thumb/v7-m/nofp/crti.o
                0x08001acc                _fini
 .fini          0x08001ad0        0x8 D:/stm32ide/STM32CubeIDE_1.19.0/STM32CubeIDE/plugins/com.st.stm32cube.ide.mcu.externaltools.gnu-tools-for-stm32.13.3.rel1.win32_1.0.0.202411081344/tools/bin/../lib/gcc/arm-none-eabi/13.3.1/thumb/v7-m/nofp/crtn.o
                0x08001ad8                        . = ALIGN (0x4)
                0x08001ad8                        _etext = .

.vfp11_veneer   0x08001ad8        0x0
 .vfp11_veneer  0x08001ad8        0x0 linker stubs

.v4_bx          0x08001ad8        0x0
 .v4_bx         0x08001ad8        0x0 linker stubs

.iplt           0x08001ad8        0x0
 .iplt          0x08001ad8        0x0 D:/stm32ide/STM32CubeIDE_1.19.0/STM32CubeIDE/plugins/com.st.stm32cube.ide.mcu.externaltools.gnu-tools-for-stm32.13.3.rel1.win32_1.0.0.202411081344/tools/bin/../lib/gcc/arm-none-eabi/13.3.1/thumb/v7-m/nofp/crtbegin.o

.rodata         0x08001ad8      0x22c
                0x08001ad8                        . = ALIGN (0x4)
 *(.rodata)
 *(.rodata*)
 .rodata.crc_table.0
                0x08001ad8      0x200 ./Core/Src/main.o
 .rodata.APBPrescTable
                0x08001cd8        0x8 ./Core/Src/system_stm32f1xx.o
                0x08001cd8                APBPrescTable
 .rodata.AHBPrescTable
                0x08001ce0       0x10 ./Core/Src/system_stm32f1xx.o
                0x08001ce0                AHBPrescTable
 .rodata.aPredivFactorTable.0
                0x08001cf0        0x2 ./Drivers/STM32F1xx_HAL_Driver/Src/stm32f1xx_hal_rcc.o
 .rodata.aPLLMULFactorTable.1
                0x08001cf2       0x10 ./Drivers/STM32F1xx_HAL_Driver/Src/stm32f1xx_hal_rcc.o
                0x08001d04                        . = ALIGN (0x4)
 *fill*         0x08001d02        0x2 

.rel.dyn        0x08001d04        0x0
 .rel.iplt      0x08001d04        0x0 D:/stm32ide/STM32CubeIDE_1.19.0/STM32CubeIDE/plugins/com.st.stm32cube.ide.mcu.externaltools.gnu-tools-for-stm32.13.3.rel1.win32_1.0.0.202411081344/tools/bin/../lib/gcc/arm-none-eabi/13.3.1/thumb/v7-m/nofp/crtbegin.o

.ARM.extab      0x08001d04        0x0
                0x08001d04                        . = ALIGN (0x4)
 *(.ARM.extab* .gnu.linkonce.armextab.*)
                0x08001d04                        . = ALIGN (0x4)

.ARM            0x08001d04        0x0
                0x08001d04                        . = ALIGN (0x4)
                0x08001d04                        __exidx_start = .
 *(.ARM.exidx*)
                0x08001d04                        __exidx_end = .
                0x08001d04                        . = ALIGN (0x4)

.preinit_array  0x08001d04        0x0
                0x08001d04                        . = ALIGN (0x4)
                0x08001d04                        PROVIDE (__preinit_array_start = .)
 *(.preinit_array*)
                0x08001d04                        PROVIDE (__preinit_array_end = .)
                0x08001d04                        . = ALIGN (0x4)

.init_array     0x08001d04        0x4
                0x08001d04                        . = ALIGN (0x4)
                0x08001d04                        PROVIDE (__init_array_start = .)
 *(SORT_BY_NAME(.init_array.*))
 *(.init_array*)
 .init_array    0x08001d04        0x4 D:/stm32ide/STM32CubeIDE_1.19.0/STM32CubeIDE/plugins/com.st.stm32cube.ide.mcu.externaltools.gnu-tools-for-stm32.13.3.rel1.win32_1.0.0.202411081344/tools/bin/../lib/gcc/arm-none-eabi/13.3.1/thumb/v7-m/nofp/crtbegin.o
                0x08001d08                        PROVIDE (__init_array_end = .)
                0x08001d08                        . = ALIGN (0x4)

.fini_array     0x08001d08        0x4
                0x08001d08                        . = ALIGN (0x4)
                [!provide]                        PROVIDE (__fini_array_start = .)
 *(SORT_BY_NAME(.fini_array.*))
 *(.fini_array*)
 .fini_array    0x08001d08        0x4 D:/stm32ide/STM32CubeIDE_1.19.0/STM32CubeIDE/plugins/com.st.stm32cube.ide.mcu.externaltools.gnu-tools-for-stm32.13.3.rel1.win32_1.0.0.202411081344/tools/bin/../lib/gcc/arm-none-eabi/13.3.1/thumb/v7-m/nofp/crtbegin.o
                [!provide]                        PROVIDE (__fini_array_end = .)
                0x08001d0c                        . = ALIGN (0x4)
                0x08001d0c                        _sidata = LOADADDR (.data)

.data           0x20000000       0x50 load address 0x08001d0c
                0x20000000                        . = ALIGN (0x4)
                0x20000000                        _sdata = .
 *(.data)
 *(.data*)
 .data.xl320MSFrame
                0x20000000        0xe ./Core/Src/main.o
                0x20000000                xl320MSFrame
 .data.xl320PFrame
                0x2000000e        0xe ./Core/Src/main.o
                0x2000000e                xl320PFrame
 .data.ctrlModeFrame
                0x2000001c        0xd ./Core/Src/main.o
                0x2000001c                ctrlModeFrame
 .data.ledFrame
                0x20000029        0xd ./Core/Src/main.o
                0x20000029                ledFrame
 .data.torqueFrame
                0x20000036        0xd ./Core/Src/main.o
                0x20000036                torqueFrame
 *fill*         0x20000043        0x1 
 .data.SystemCoreClock
                0x20000044        0x4 ./Core/Src/system_stm32f1xx.o
                0x20000044                SystemCoreClock
 .data.uwTickFreq
                0x20000048        0x1 ./Drivers/STM32F1xx_HAL_Driver/Src/stm32f1xx_hal.o
                0x20000048                uwTickFreq
 *fill*         0x20000049        0x3 
 .data.uwTickPrio
                0x2000004c        0x4 ./Drivers/STM32F1xx_HAL_Driver/Src/stm32f1xx_hal.o
                0x2000004c                uwTickPrio
 *(.RamFunc)
 *(.RamFunc*)
                0x20000050                        . = ALIGN (0x4)
                0x20000050                        _edata = .

.igot.plt       0x20000050        0x0 load address 0x08001d5c
 .igot.plt      0x20000050        0x0 D:/stm32ide/STM32CubeIDE_1.19.0/STM32CubeIDE/plugins/com.st.stm32cube.ide.mcu.externaltools.gnu-tools-for-stm32.13.3.rel1.win32_1.0.0.202411081344/tools/bin/../lib/gcc/arm-none-eabi/13.3.1/thumb/v7-m/nofp/crtbegin.o
                0x20000050                        . = ALIGN (0x4)

.bss            0x20000050      0x158 load address 0x08001d5c
                0x20000050                        _sbss = .
                0x20000050                        __bss_start__ = _sbss
 *(.bss)
 .bss           0x20000050       0x1c D:/stm32ide/STM32CubeIDE_1.19.0/STM32CubeIDE/plugins/com.st.stm32cube.ide.mcu.externaltools.gnu-tools-for-stm32.13.3.rel1.win32_1.0.0.202411081344/tools/bin/../lib/gcc/arm-none-eabi/13.3.1/thumb/v7-m/nofp/crtbegin.o
 *(.bss*)
 .bss.xl320_position_value
                0x2000006c        0x4 ./Core/Src/main.o
                0x2000006c                xl320_position_value
 .bss.xl320_packet_ready
                0x20000070        0x1 ./Core/Src/main.o
                0x20000070                xl320_packet_ready
 *fill*         0x20000071        0x1 
 .bss.xl320_rx_index
                0x20000072        0x2 ./Core/Src/main.o
                0x20000072                xl320_rx_index
 .bss.xl320_rx_buffer
                0x20000074       0x10 ./Core/Src/main.o
                0x20000074                xl320_rx_buffer
 .bss.htim1     0x20000084       0x48 ./Core/Src/tim.o
                0x20000084                htim1
 .bss.huart3    0x200000cc       0x48 ./Core/Src/usart.o
                0x200000cc                huart3
 .bss.huart2    0x20000114       0x48 ./Core/Src/usart.o
                0x20000114                huart2
 .bss.huart1    0x2000015c       0x48 ./Core/Src/usart.o
                0x2000015c                huart1
 .bss.uwTick    0x200001a4        0x4 ./Drivers/STM32F1xx_HAL_Driver/Src/stm32f1xx_hal.o
                0x200001a4                uwTick
 *(COMMON)
                0x200001a8                        . = ALIGN (0x4)
                0x200001a8                        _ebss = .
                0x200001a8                        __bss_end__ = _ebss

._user_heap_stack
                0x200001a8      0x600 load address 0x08001d5c
                0x200001a8                        . = ALIGN (0x8)
                [!provide]                        PROVIDE (end = .)
                0x200001a8                        PROVIDE (_end = .)
                0x200003a8                        . = (. + _Min_Heap_Size)
 *fill*         0x200001a8      0x200 
                0x200007a8                        . = (. + _Min_Stack_Size)
 *fill*         0x200003a8      0x400 
                0x200007a8                        . = ALIGN (0x8)

/DISCARD/
 libc.a(*)
 libm.a(*)
 libgcc.a(*)

.ARM.attributes
                0x00000000       0x29
 *(.ARM.attributes)
 .ARM.attributes
                0x00000000       0x1d D:/stm32ide/STM32CubeIDE_1.19.0/STM32CubeIDE/plugins/com.st.stm32cube.ide.mcu.externaltools.gnu-tools-for-stm32.13.3.rel1.win32_1.0.0.202411081344/tools/bin/../lib/gcc/arm-none-eabi/13.3.1/thumb/v7-m/nofp/crti.o
 .ARM.attributes
                0x0000001d       0x2d D:/stm32ide/STM32CubeIDE_1.19.0/STM32CubeIDE/plugins/com.st.stm32cube.ide.mcu.externaltools.gnu-tools-for-stm32.13.3.rel1.win32_1.0.0.202411081344/tools/bin/../lib/gcc/arm-none-eabi/13.3.1/thumb/v7-m/nofp/crtbegin.o
 .ARM.attributes
                0x0000004a       0x2d ./Core/Src/gpio.o
 .ARM.attributes
                0x00000077       0x2d ./Core/Src/main.o
 .ARM.attributes
                0x000000a4       0x2d ./Core/Src/stm32f1xx_hal_msp.o
 .ARM.attributes
                0x000000d1       0x2d ./Core/Src/stm32f1xx_it.o
 .ARM.attributes
                0x000000fe       0x2d ./Core/Src/system_stm32f1xx.o
 .ARM.attributes
                0x0000012b       0x2d ./Core/Src/tim.o
 .ARM.attributes
                0x00000158       0x2d ./Core/Src/usart.o
 .ARM.attributes
                0x00000185       0x21 ./Core/Startup/startup_stm32f103c8tx.o
 .ARM.attributes
                0x000001a6       0x2d ./Drivers/STM32F1xx_HAL_Driver/Src/stm32f1xx_hal.o
 .ARM.attributes
                0x000001d3       0x2d ./Drivers/STM32F1xx_HAL_Driver/Src/stm32f1xx_hal_cortex.o
 .ARM.attributes
                0x00000200       0x2d ./Drivers/STM32F1xx_HAL_Driver/Src/stm32f1xx_hal_dma.o
 .ARM.attributes
                0x0000022d       0x2d ./Drivers/STM32F1xx_HAL_Driver/Src/stm32f1xx_hal_gpio.o
 .ARM.attributes
                0x0000025a       0x2d ./Drivers/STM32F1xx_HAL_Driver/Src/stm32f1xx_hal_rcc.o
 .ARM.attributes
                0x00000287       0x2d ./Drivers/STM32F1xx_HAL_Driver/Src/stm32f1xx_hal_tim.o
 .ARM.attributes
                0x000002b4       0x2d ./Drivers/STM32F1xx_HAL_Driver/Src/stm32f1xx_hal_tim_ex.o
 .ARM.attributes
                0x000002e1       0x2d ./Drivers/STM32F1xx_HAL_Driver/Src/stm32f1xx_hal_uart.o
 .ARM.attributes
                0x0000030e       0x2d D:/stm32ide/STM32CubeIDE_1.19.0/STM32CubeIDE/plugins/com.st.stm32cube.ide.mcu.externaltools.gnu-tools-for-stm32.13.3.rel1.win32_1.0.0.202411081344/tools/bin/../lib/gcc/arm-none-eabi/13.3.1/../../../../arm-none-eabi/lib/thumb/v7-m/nofp\libc_nano.a(libc_a-memset.o)
 .ARM.attributes
                0x0000033b       0x2d D:/stm32ide/STM32CubeIDE_1.19.0/STM32CubeIDE/plugins/com.st.stm32cube.ide.mcu.externaltools.gnu-tools-for-stm32.13.3.rel1.win32_1.0.0.202411081344/tools/bin/../lib/gcc/arm-none-eabi/13.3.1/../../../../arm-none-eabi/lib/thumb/v7-m/nofp\libc_nano.a(libc_a-init.o)
 .ARM.attributes
                0x00000368       0x1d D:/stm32ide/STM32CubeIDE_1.19.0/STM32CubeIDE/plugins/com.st.stm32cube.ide.mcu.externaltools.gnu-tools-for-stm32.13.3.rel1.win32_1.0.0.202411081344/tools/bin/../lib/gcc/arm-none-eabi/13.3.1/thumb/v7-m/nofp/crtn.o
OUTPUT(steer.elf elf32-littlearm)
LOAD linker stubs
LOAD D:/stm32ide/STM32CubeIDE_1.19.0/STM32CubeIDE/plugins/com.st.stm32cube.ide.mcu.externaltools.gnu-tools-for-stm32.13.3.rel1.win32_1.0.0.202411081344/tools/bin/../lib/gcc/arm-none-eabi/13.3.1/../../../../arm-none-eabi/lib/thumb/v7-m/nofp\libc.a
LOAD D:/stm32ide/STM32CubeIDE_1.19.0/STM32CubeIDE/plugins/com.st.stm32cube.ide.mcu.externaltools.gnu-tools-for-stm32.13.3.rel1.win32_1.0.0.202411081344/tools/bin/../lib/gcc/arm-none-eabi/13.3.1/../../../../arm-none-eabi/lib/thumb/v7-m/nofp\libm.a
LOAD D:/stm32ide/STM32CubeIDE_1.19.0/STM32CubeIDE/plugins/com.st.stm32cube.ide.mcu.externaltools.gnu-tools-for-stm32.13.3.rel1.win32_1.0.0.202411081344/tools/bin/../lib/gcc/arm-none-eabi/13.3.1/thumb/v7-m/nofp\libgcc.a

.comment        0x00000000       0x43
 .comment       0x00000000       0x43 ./Core/Src/gpio.o
                                 0x44 (size before relaxing)
 .comment       0x00000043       0x44 ./Core/Src/main.o
 .comment       0x00000043       0x44 ./Core/Src/stm32f1xx_hal_msp.o
 .comment       0x00000043       0x44 ./Core/Src/stm32f1xx_it.o
 .comment       0x00000043       0x44 ./Core/Src/system_stm32f1xx.o
 .comment       0x00000043       0x44 ./Core/Src/tim.o
 .comment       0x00000043       0x44 ./Core/Src/usart.o
 .comment       0x00000043       0x44 ./Drivers/STM32F1xx_HAL_Driver/Src/stm32f1xx_hal.o
 .comment       0x00000043       0x44 ./Drivers/STM32F1xx_HAL_Driver/Src/stm32f1xx_hal_cortex.o
 .comment       0x00000043       0x44 ./Drivers/STM32F1xx_HAL_Driver/Src/stm32f1xx_hal_dma.o
 .comment       0x00000043       0x44 ./Drivers/STM32F1xx_HAL_Driver/Src/stm32f1xx_hal_gpio.o
 .comment       0x00000043       0x44 ./Drivers/STM32F1xx_HAL_Driver/Src/stm32f1xx_hal_rcc.o
 .comment       0x00000043       0x44 ./Drivers/STM32F1xx_HAL_Driver/Src/stm32f1xx_hal_tim.o
 .comment       0x00000043       0x44 ./Drivers/STM32F1xx_HAL_Driver/Src/stm32f1xx_hal_tim_ex.o
 .comment       0x00000043       0x44 ./Drivers/STM32F1xx_HAL_Driver/Src/stm32f1xx_hal_uart.o

.debug_frame    0x00000000       0x4c
 .debug_frame   0x00000000       0x20 D:/stm32ide/STM32CubeIDE_1.19.0/STM32CubeIDE/plugins/com.st.stm32cube.ide.mcu.externaltools.gnu-tools-for-stm32.13.3.rel1.win32_1.0.0.202411081344/tools/bin/../lib/gcc/arm-none-eabi/13.3.1/../../../../arm-none-eabi/lib/thumb/v7-m/nofp\libc_nano.a(libc_a-memset.o)
 .debug_frame   0x00000020       0x2c D:/stm32ide/STM32CubeIDE_1.19.0/STM32CubeIDE/plugins/com.st.stm32cube.ide.mcu.externaltools.gnu-tools-for-stm32.13.3.rel1.win32_1.0.0.202411081344/tools/bin/../lib/gcc/arm-none-eabi/13.3.1/../../../../arm-none-eabi/lib/thumb/v7-m/nofp\libc_nano.a(libc_a-init.o)
